2021-03-11 21:41:57,609 - INFO - 【root】 [<module>:24 - python]
2021-03-11 21:43:21,058 - INFO - [root] [<module>:24 - python]
2021-03-11 21:49:53,181 - INFO - [root] [<module>:31 - python2]
